---
source: src/lib/simd/mod.rs
expression: "(&pixels, &luma, backend())"
---
([
    0.0500000007,
    0.1180000007,
    0.6724999547,
    1.0,
    1.3519999981,
    0.4149999917,
    0.1850000024,
    1.0,
    0.4280000031,
    0.6940000057,
    0.162499994,
    0.5,
    0.175999999,
    0.226000011,
    0.4850000143,
    0.8000000119,
],
[
    0.1435780972,
    0.5976002216,
    0.5990741253,
    0.2340698093,
],
Avx2)
